---
source: tui/src/redesign_chrome.rs
expression: terminal.backend().to_string()
---
"CODEX_CLI dev          |┌ Terminal Sessions  Enter view  Esc collapse/close ───────────────────────┐"
"                       |│> [+] TERM 1 running  cargo test -p codex-tui                             │"
"                       |│                                                                          │"
" CHATS                 |│                                                                          │"
" Alt-B focus           |│                                                                          │"
"                       |│                                                                          │"
" No chats yet          |│                                                                          │"
"                       |│                                                                          │"
" ACTIONS               |│                                                                          │"
"  N      NEW CHAT      |│                                                                          │"
"  F      FINAL ONLY OFF|│                                                                          │"
"  Alt-/  COMMANDS      |│                                                                          │"
"  Alt-M  MODELS        |│                                                                          │"
"  C-R    HISTORY       |│                                                                          │"
"  C-T    TRANSCRIPT    |│                                                                          │"
"  Alt-T  TERMINALS     |│                                                                          │"
"  C-G    EDITOR        |│                                                                          │"
"                       |│                                                                          │"
"                       |│                                                                          │"
"                       |└──────────────────────────────────────────────────────────────────────────┘"
"                       |MSG> Describe the next change...                                            "
"                       |----------------------------------------------------------------------------"
"/tmp/project · unknown · -- · Plan chat                                                             "
"Alt-H Help · Alt-/ Commands · Alt-M Model · Alt-P Plan · Alt-T Terminal · C-T Transcript · C-C Exit "
