---
source: tui/src/redesign_chrome.rs
expression: "render_fixture(72, 18)"
---
"CODEX_CLI dev                                                           "
"------------------------------------------------------------------------"
"gpt-5.4 xhigh ctx 72% tok 2.25K perm works... appv auto-...             "
"------------------------------------------------------------------------"
"                   │ Let's redesign the TUI to be more intuitive for │ |"
"                   │ CLI users.                                      │ |"
"                   ╰─────────────────────────────────────────────────╯ |"
"                                                                       |"
" Codex                                                                 |"
" ╭─────────────────────────────────────────────────────╮               |"
" │ Agreed. I'll focus on information density and clear │               |"
" │ keyboard shortcuts.                                 │               |"
" ╰─────────────────────────────────────────────────────╯               #"
"⠋ Working (0s • esc to interrupt)                                       "
"------------------------------------------------------------------------"
"MSG> Describe the next change...                                        "
"------------------------------------------------------------------------"
"~/code...  Alt-H help  Alt-T term  Alt-W close  C-T transcript  C-C exit"
