---
source: tui/src/redesign_chrome.rs
assertion_line: 1952
expression: "render_fixture(132, 24)"
---
"CODEX_CLI dev                                                                                                                       "
"------------------------------------------------------------------------------------------------------------------------------------"
" CHATS                 |chat gpt-5.4 xhigh  ctx 72% left  tokens in 1.2K / out 900 / total 2.25K      |                             "
" C-B focus             |------------------------------------------------------------------------------| SYSTEM                      "
"                       |                                                                         You  | perm workspace-write        "
"• active Main [default]|                     ╭─────────────────────────────────────────────────────╮  | appv auto-review            "
"  unread Scout [expl...|                     │ Let's redesign the TUI to be more intuitive for CLI │  | thinking + events           "
"  needs  Patch [worker]|                     │ users.                                              │  |                             "
"                       |                     ╰─────────────────────────────────────────────────────╯  | THINKING                    "
" ACTIONS               |                                                                              |  Checking the layout and    "
"  N      NEW CHAT      | Codex                                                                        |  keyboard flow.             "
"  F      FINAL ONLY OFF| ╭─────────────────────────────────────────────────────╮                      |                             "
"  F2     COMMANDS      | │ Agreed. I'll focus on information density and clear │                      | SYSTEM                      "
"  F4     MODELS        | │ keyboard shortcuts.                                 │                      |  Tool output and notices    "
"  C-R    HISTORY       | ╰─────────────────────────────────────────────────────╯                      |  stay out of chat.          "
"  C-T    TRANSCRIPT    |                                                                              |                             "
"  C-G    EDITOR        |                                                                              |                             "
"                       |                                                                              |                             "
"                       |                                                                              |                             "
"                       |                                                                              |                             "
"                       |------------------------------------------------------------------------------|                             "
"                       |⠋ MSG> Describe the next change...                                            |                             "
"                       |------------------------------------------------------------------------------|                             "
"~/codes/codex · redesign-tui · 3 files · Improve terminal UI  C-B side  F1 help  F2 cmds  F4 model  C-T transcript  C-C exit        "
