---
source: tui/src/redesign_chrome.rs
expression: "render_fixture_with_sidebar(72, 18, sidebar)"
---
"CODEX_CLI dev        |Model: gpt-5.4 xhigh ctx: 72% tokens: 2.1K        "
"                     |permissions: workspace-write approval: auto-review"
"                     |--------------------------------------------------"
" CHATS               |               │ more intuitive for CLI users. │ |"
" Alt-B close         |               ╰───────────────────────────────╯ |"
"                     |                                                 |"
"› unread Scout [ex...| Codex                                           |"
" ACTIONS             | ╭───────────────────────────────────╮           |"
"  N      NEW CHAT    | │ Agreed. I'll focus on information │           |"
"  F      FINAL ONLY O| │ density and clear keyboard        │           |"
"  Alt-/  COMMANDS    | │ shortcuts.                        │           |"
"  Alt-M  MODELS      | ╰───────────────────────────────────╯           #"
"  C-R    HISTORY     |⠋ Working (0s • esc to interrupt)                 "
"  C-T    TRANSCRIPT  |--------------------------------------------------"
"  Alt-T  TERMINALS   |MSG> Describe the next change...                  "
"  C-G    EDITOR      |--------------------------------------------------"
"                     |~/codes/codex · redesign-tui · 3 files · Improv..."
"                     |Alt-H Help · C-C Exit                             "
