---
source: tui/src/redesign_chrome.rs
expression: "render_fixture(72, 18)"
---
"CODEX_CLI dev                                                           "
"------------------------------------------------------------------------"
"gpt-5.4 xhigh ctx 72% Token usage: total=2,100 input=1,200 output=900..."
"------------------------------------------------------------------------"
"                   │ CLI users.                                      │ |"
"                   ╰─────────────────────────────────────────────────╯ |"
"                                                                       |"
" Codex                                                                 |"
" ╭─────────────────────────────────────────────────────╮               |"
" │ Agreed. I'll focus on information density and clear │               |"
" │ keyboard shortcuts.                                 │               |"
" ╰─────────────────────────────────────────────────────╯               #"
"⠋ Working (0s • esc to interrupt)                                       "
"------------------------------------------------------------------------"
"MSG> Describe the next change...                                        "
"------------------------------------------------------------------------"
"~/codes/codex · redesign-tui · 3 files · Improve terminal UI            "
"Alt-H help  Alt-T term  Alt-W close  C-T transcript  C-C exit           "
