---
source: tui/src/redesign_chrome.rs
expression: "render_fixture(100, 24)"
---
"CODEX_CLI dev                                                                                       "
"----------------------------------------------------------------------------------------------------"
" CHATS                 |gpt-5.4 xhigh ctx 72% tok 2.25K perm works... appv auto-...                 "
" Alt-B focus           |----------------------------------------------------------------------------"
"                       |                                                                       You  "
"• active Main [default]|                   ╭─────────────────────────────────────────────────────╮  "
"  unread Scout [expl...|                   │ Let's redesign the TUI to be more intuitive for CLI │  "
"  needs  Patch [worker]|                   │ users.                                              │  "
"                       |                   ╰─────────────────────────────────────────────────────╯  "
" ACTIONS               |                                                                            "
"  N      NEW CHAT      | Codex                                                                      "
"  F      FINAL ONLY OFF| ╭─────────────────────────────────────────────────────╮                    "
"  Alt-/  COMMANDS      | │ Agreed. I'll focus on information density and clear │                    "
"  Alt-M  MODELS        | │ keyboard shortcuts.                                 │                    "
"  C-R    HISTORY       | ╰─────────────────────────────────────────────────────╯                    "
"  C-T    TRANSCRIPT    |                                                                            "
"  Alt-T  TERMINALS     |                                                                            "
"  C-G    EDITOR        |                                                                            "
"                       |                                                                            "
"                       |⠋ Working (0s • esc to interrupt)                                           "
"                       |----------------------------------------------------------------------------"
"                       |MSG> Describe the next change...                                            "
"                       |----------------------------------------------------------------------------"
"~/codes/codex · redesign-tui · 3 f...  Alt-H help  Alt-T term  Alt-W close  C-T transcript  C-C exit"
