---
source: tui/src/redesign_chrome.rs
expression: terminal.backend().to_string()
---
"CODEX_CLI dev                                                                                       "
"----------------------------------------------------------------------------------------------------"
" CHATS                 |┌ Terminal Sessions  Enter view  Esc collapse/close ───────────────────────┐"
" Alt-B focus           |│> [+] TERM 1 running  cargo test -p codex-tui                             │"
"                       |│                                                                          │"
" No chats yet          |│                                                                          │"
"                       |│                                                                          │"
" ACTIONS               |│                                                                          │"
"  N      NEW CHAT      |│                                                                          │"
"  F      FINAL ONLY OFF|│                                                                          │"
"  Alt-/  COMMANDS      |│                                                                          │"
"  Alt-M  MODELS        |│                                                                          │"
"  C-R    HISTORY       |│                                                                          │"
"  C-T    TRANSCRIPT    |│                                                                          │"
"  Alt-T  TERMINALS     |│                                                                          │"
"  C-G    EDITOR        |│                                                                          │"
"                       |│                                                                          │"
"                       |│                                                                          │"
"                       |│                                                                          │"
"                       |└──────────────────────────────────────────────────────────────────────────┘"
"                       |MSG> Describe the next change...                                            "
"                       |----------------------------------------------------------------------------"
"/tmp/project · unknown · -- · Plan chat                                                             "
"Alt-H help  Alt-T term  Alt-W close  C-T transcript  C-C exit                                       "
