---
source: tui/src/redesign_chrome.rs
expression: terminal.backend().to_string()
---
"CODEX_CLI dev                                                                                       "
"----------------------------------------------------------------------------------------------------"
" CHATS                 |test-model medium ctx 100% Token usage: total=0 input=0 output=0 perm man..."
" Alt-B focus           |--┌ Plan  Alt-P close ───────────────────────────────────────────────────┐--"
"                       |MS│• Updated Plan                                                        │  "
" No chats yet          |  │  └ Current implementation checklist                                  │  "
"                       |  │    ✔ Inspect existing plan rendering                                 │  "
" ACTIONS               |  │    □ Add per-chat floating window                                    │  "
"  N      NEW CHAT      |  │    □ Cover shortcut and render behavior                              │  "
"  F      FINAL ONLY OFF|  │                                                                      │  "
"  Alt-/  COMMANDS      |  │                                                                      │  "
"  Alt-M  MODELS        |  │                                                                      │  "
"  C-R    HISTORY       |  │                                                                      │  "
"  C-T    TRANSCRIPT    |  │                                                                      │  "
"  Alt-T  TERMINALS     |  │                                                                      │  "
"  C-G    EDITOR        |  │                                                                      │  "
"                       |  │                                                                      │  "
"                       |  │                                                                      │  "
"                       |  └──────────────────────────────────────────────────────────────────────┘  "
"                       |----------------------------------------------------------------------------"
"                       |MSG> Describe the next change...                                            "
"                       |----------------------------------------------------------------------------"
"/tmp/project · unknown · -- · Plan chat                                                             "
"Alt-H help  Alt-T term  Alt-W close  C-T transcript  C-C exit                                       "
