---
source: tui/src/redesign_chrome.rs
assertion_line: 1947
expression: "render_fixture(100, 24)"
---
"CODEX_CLI dev                                                                                       "
"----------------------------------------------------------------------------------------------------"
" CHATS                 |chat gpt-5.4 xhigh  ctx 72% left  tokens in 1.2K / out 900 / total 2.25K    "
" C-B focus             |----------------------------------------------------------------------------"
"                       |                                                                       You  "
"• active Main [default]|                   ╭─────────────────────────────────────────────────────╮  "
"  unread Scout [expl...|                   │ Let's redesign the TUI to be more intuitive for CLI │  "
"  needs  Patch [worker]|                   │ users.                                              │  "
"                       |                   ╰─────────────────────────────────────────────────────╯  "
" ACTIONS               |                                                                            "
"  N      NEW CHAT      | Codex                                                                      "
"  F      FINAL ONLY OFF| ╭─────────────────────────────────────────────────────╮                    "
"  F2     COMMANDS      | │ Agreed. I'll focus on information density and clear │                    "
"  F4     MODELS        | │ keyboard shortcuts.                                 │                    "
"  C-R    HISTORY       | ╰─────────────────────────────────────────────────────╯                    "
"  C-T    TRANSCRIPT    |                                                                            "
"  C-G    EDITOR        |                                                                            "
"                       |                                                                            "
"                       |                                                                            "
"                       |                                                                            "
"                       |----------------------------------------------------------------------------"
"                       |⠋ MSG> Describe the next change...                                          "
"                       |----------------------------------------------------------------------------"
"~/codes/codex · redesign-tui · 3 ...  C-B side  F1 help  F2 cmds  F4 model  C-T transcript  C-C exit"
