---
source: tui/src/redesign_chrome.rs
expression: "render_fixture(132, 24)"
---
"CODEX_CLI dev          |Model: gpt-5.4 xhigh ctx: 72% tokens: 2.1K                                    | ACTIVITY                    "
"                       |permissions: workspace-write approval: auto-review                            | latest messages             "
"                       |------------------------------------------------------------------------------|                             "
" CHATS                 |                                                                         You  | • THINKING                  "
" Alt-B focus           |                     ╭─────────────────────────────────────────────────────╮  |   Checking the layout and   "
"                       |                     │ Let's redesign the TUI to be more intuitive for CLI │  |   keyboard flow.            "
"• active Main [default]|                     │ users.                                              │  | • SYSTEM                    "
"  unread Scout [expl...|                     ╰─────────────────────────────────────────────────────╯  |   Tool output and notices   "
"  needs  Patch [worker]|                                                                              |   stay out of chat.         "
"                       | Codex                                                                        |                             "
" ACTIONS               | ╭─────────────────────────────────────────────────────╮                      |                             "
"  N      NEW CHAT      | │ Agreed. I'll focus on information density and clear │                      |                             "
"  F      FINAL ONLY OFF| │ keyboard shortcuts.                                 │                      |                             "
"  Alt-/  COMMANDS      | ╰─────────────────────────────────────────────────────╯                      |                             "
"  Alt-M  MODELS        |                                                                              |                             "
"  C-R    HISTORY       |                                                                              |                             "
"  C-T    TRANSCRIPT    |                                                                              |                             "
"  Alt-T  TERMINALS     |                                                                              |                             "
"  C-G    EDITOR        |⠋ Working (0s • esc to interrupt)                                             |                             "
"                       |------------------------------------------------------------------------------|                             "
"                       |MSG> Describe the next change...                                              |                             "
"                       |------------------------------------------------------------------------------|                             "
"~/codes/codex · redesign-tui · 3 files · Improve terminal UI                                                                        "
"Alt-H Help · Alt-/ Commands · Alt-M Model · Alt-P Plan · Alt-T Terminal · C-T Transcript · C-C Exit                                 "
