---
source: tui/src/redesign_chrome.rs
expression: "render_fixture(100, 24)"
---
"CODEX_CLI dev          |Model: gpt-5.4 xhigh ctx: 72% tokens: 2.1K                                  "
"                       |permissions: workspace-write approval: auto-review                          "
"                       |----------------------------------------------------------------------------"
" CHATS                 |                                                                       You  "
" Alt-B focus           |                   ╭─────────────────────────────────────────────────────╮  "
"                       |                   │ Let's redesign the TUI to be more intuitive for CLI │  "
"• active Main [default]|                   │ users.                                              │  "
"  unread Scout [expl...|                   ╰─────────────────────────────────────────────────────╯  "
"  needs  Patch [worker]|                                                                            "
"                       | Codex                                                                      "
"                       | ╭─────────────────────────────────────────────────────╮                    "
"                       | │ Agreed. I'll focus on information density and clear │                    "
"                       | │ keyboard shortcuts.                                 │                    "
" ACTIONS               | ╰─────────────────────────────────────────────────────╯                    "
"  N      NEW CHAT      |                                                                            "
"  F      FINAL ONLY OFF|                                                                            "
"  Alt-/  COMMANDS      |                                                                            "
"  Alt-M  MODELS        |                                                                            "
"  C-R    HISTORY       |⠋ Working (0s • esc to interrupt)                                           "
"  C-T    TRANSCRIPT    |----------------------------------------------------------------------------"
"  Alt-T  TERMINALS     |MSG> Describe the next change...                                            "
"  C-G    EDITOR        |----------------------------------------------------------------------------"
"                       |~/codes/codex · redesign-tui · 3 files · Improve terminal UI                "
"                       |Alt-H Help · Alt-/ Cmds · Alt-M Model · Alt-P Plan · Alt-T Term · C-C Exit  "
