---
source: tui/src/redesign_chrome.rs
assertion_line: 2327
expression: "render_fixture_with_sidebar(72, 18, sidebar)"
---
"CODEX_CLI dev                                                           "
"------------------------------------------------------------------------"
" CHATS               |⠋ working | gpt-5.4 xhigh | ctx 72% left | tok ..."
" Alt-B close         |--------------------------------------------------"
"                     |               │ Let's redesign the TUI to be  │ |"
"  active Main [def...|               │ more intuitive for CLI users. │ |"
"› unread Scout [ex...|               ╰───────────────────────────────╯ |"
"  needs  Patch [wo...|                                                 |"
"                     | Codex                                           |"
" ACTIONS             | ╭───────────────────────────────────╮           |"
"  N      NEW CHAT    | │ Agreed. I'll focus on information │           |"
"  F      FINAL ONLY O| │ density and clear keyboard        │           |"
"  Alt-/  COMMANDS    | │ shortcuts.                        │           |"
"  Alt-M  MODELS      | ╰───────────────────────────────────╯           #"
"  C-R    HISTORY     |--------------------------------------------------"
"  C-T    TRANSCRIPT  |MSG> Describe the next change...                  "
"  C-G    EDITOR      |--------------------------------------------------"
"~/codes/codex · re...  Alt-H help  Alt-W close  C-T transcript  C-C exit"
