---
source: tui/src/redesign_chrome.rs
expression: terminal.backend().to_string()
---
"CODEX_CLI dev          |┌ Terminal Sessions  Enter view  Esc collapse/close ───────────────────────┐"
"                       |│> [+] TERM 1 running  cargo test -p codex-tui                             │"
"                       |│                                                                          │"
" CHATS                 |│                                                                          │"
" Alt-B focus           |│                                                                          │"
"                       |│                                                                          │"
" No chats yet          |│                                                                          │"
"                       |│                                                                          │"
"                       |│                                                                          │"
"                       |│                                                                          │"
"                       |│                                                                          │"
"                       |│                                                                          │"
"                       |│                                                                          │"
" ACTIONS               |│                                                                          │"
"  N      NEW CHAT      |│                                                                          │"
"  F      FINAL ONLY OFF|│                                                                          │"
"  Alt-/  COMMANDS      |│                                                                          │"
"  Alt-M  MODELS        |│                                                                          │"
"  C-R    HISTORY       |│                                                                          │"
"  C-T    TRANSCRIPT    |└──────────────────────────────────────────────────────────────────────────┘"
"  Alt-T  TERMINALS     |MSG> Describe the next change...                                            "
"  C-G    EDITOR        |----------------------------------------------------------------------------"
"                       |/tmp/project · unknown · -- · Plan chat                                     "
"                       |Alt-H Help · Alt-/ Cmds · Alt-M Model · Alt-P Plan · Alt-T Term · C-C Exit  "
