---
source: tui/src/redesign_chrome.rs
expression: "render_fixture(132, 24)"
---
"CODEX_CLI dev                                                                                                                       "
"------------------------------------------------------------------------------------------------------------------------------------"
" CHATS                 |gpt-5.4 xhigh ctx 72% Token usage: total=2,100 input=1,200 output=900 (reas...| ACTIVITY                    "
" Alt-B focus           |------------------------------------------------------------------------------| latest messages             "
"                       |                                                                         You  |                             "
"• active Main [default]|                     ╭─────────────────────────────────────────────────────╮  | • THINKING                  "
"  unread Scout [expl...|                     │ Let's redesign the TUI to be more intuitive for CLI │  |   Checking the layout and   "
"  needs  Patch [worker]|                     │ users.                                              │  |   keyboard flow.            "
"                       |                     ╰─────────────────────────────────────────────────────╯  | • SYSTEM                    "
" ACTIONS               |                                                                              |   Tool output and notices   "
"  N      NEW CHAT      | Codex                                                                        |   stay out of chat.         "
"  F      FINAL ONLY OFF| ╭─────────────────────────────────────────────────────╮                      |                             "
"  Alt-/  COMMANDS      | │ Agreed. I'll focus on information density and clear │                      |                             "
"  Alt-M  MODELS        | │ keyboard shortcuts.                                 │                      |                             "
"  C-R    HISTORY       | ╰─────────────────────────────────────────────────────╯                      |                             "
"  C-T    TRANSCRIPT    |                                                                              |                             "
"  Alt-T  TERMINALS     |                                                                              |                             "
"  C-G    EDITOR        |                                                                              |                             "
"                       |⠋ Working (0s • esc to interrupt)                                             |                             "
"                       |------------------------------------------------------------------------------|                             "
"                       |MSG> Describe the next change...                                              |                             "
"                       |------------------------------------------------------------------------------|                             "
"~/codes/codex · redesign-tui · 3 files · Improve terminal UI                                                                        "
"Alt-B side  Alt-H help  Alt-/ cmds  Alt-M model  Alt-P plan  Alt-T term  Alt-W close  C-T transcript  C-C exit                      "
